// Jest Snapshot v1, https://goo.gl/fbAQLP

exports[`Tests on <TodoApp /> should render component correctly 1`] = `
<div>
  <h1>
    Todo App 
    <small>
      ( 
      0
       )
    </small>
  </h1>
  <hr />
  <div
    className="row"
  >
    <div
      className="col-7"
    >
      <TodoList
        handleDelete={[Function]}
        handleToggle={[Function]}
        todos={Array []}
      />
    </div>
    <div
      className="col-5"
    >
      <TodoAdd
        handleAddTodo={[Function]}
      />
    </div>
  </div>
</div>
`;
