// Jest Snapshot v1, https://goo.gl/fbAQLP

exports[`Tests on <RealExampleRef /> should render correctly 1`] = `
<div>
  <h1>
    Real Example Ref
  </h1>
  <hr />
  <button
    className="btn btn-primary mt-3"
    onClick={[Function]}
  >
    Show/Hide
  </button>
</div>
`;
