// Jest Snapshot v1, https://goo.gl/fbAQLP

exports[`<HooksApp /> tests should render the component correctly 1`] = `
<div>
  <h1>
    Hello World
  </h1>
</div>
`;
